Bienvenido al programa principal de ArteProg. Por favor ingrese su comando:
1> La coleccion de grupos ha sido creado de forma exitosa.
2> Coleccion de grupos liberada
3> La coleccion de grupos ha sido creado de forma exitosa.
4> El grupoABB ha sido creado de forma exitosa.
5> Visitante creadox de forma exitosa.
6> Se ha agregado el visitante al grupo de forma exitosa.
7> Se ha agregado el grupo a la coleccion de forma exitosa.
8> Coleccion de grupos liberada
9> La coleccion de grupos ha sido creado de forma exitosa.
10> El grupoABB ha sido creado de forma exitosa.
11> Visitante creadox de forma exitosa.
12> Se ha agregado el visitante al grupo de forma exitosa.
13> Se ha agregado el grupo a la coleccion de forma exitosa.
14> El grupoABB ha sido creado de forma exitosa.
15> Visitante creadox de forma exitosa.
16> Se ha agregado el visitante al grupo de forma exitosa.
17> Se ha agregado el grupo a la coleccion de forma exitosa.
18> Coleccion de grupos liberada
19> Fin.
