Bienvenido al programa principal de ArteProg. Por favor ingrese su comando:
1> El grupoABB ha sido creado de forma exitosa.
2> La altura del grupo es 0.
3> Grupo liberado con exito.
4> El grupoABB ha sido creado de forma exitosa.
5> Visitante creadox de forma exitosa.
6> Se ha agregado el visitante al grupo de forma exitosa.
7> La altura del grupo es 1.
8> Grupo liberado con exito.
9> El grupoABB ha sido creado de forma exitosa.
10> Visitante creadox de forma exitosa.
11> Se ha agregado el visitante al grupo de forma exitosa.
12> Visitante creadox de forma exitosa.
13> Se ha agregado el visitante al grupo de forma exitosa.
14> La altura del grupo es 2.
15> Visitante creadox de forma exitosa.
16> Se ha agregado el visitante al grupo de forma exitosa.
17> La altura del grupo es 3.
18> Visitante creadox de forma exitosa.
19> Se ha agregado el visitante al grupo de forma exitosa.
20> La altura del grupo es 3.
21> Visitante creadox de forma exitosa.
22> Se ha agregado el visitante al grupo de forma exitosa.
23> La altura del grupo es 3.
24> Visitante creadox de forma exitosa.
25> Se ha agregado el visitante al grupo de forma exitosa.
26> La altura del grupo es 3.
27> Grupo liberado con exito.
28> Fin.
