Bienvenido al programa principal de ArteProg. Por favor ingrese su comando:
1> Fecha creada en forma exitosa.
2> Pieza creada en forma exitosa.
3> Pieza liberada en forma exitosa.
4> Fecha creada en forma exitosa.
5> Pieza creada en forma exitosa.
6> Pieza liberada en forma exitosa.
7> Fin.
