Bienvenido al programa principal de ArteProg. Por favor ingrese su comando:
1> Fecha creada en forma exitosa.
2> Pieza creada en forma exitosa.
3> ID: 7
4> Pieza: 7
pieza1-Carlos Nelson
Creada en: 1/1/2001
5> Pieza liberada en forma exitosa.
6> Fecha creada en forma exitosa.
7> Pieza creada en forma exitosa.
8> Pieza: 3
pieza2-Luciana Diaz
Creada en: 2/7/2003
9> ID: 3
10> Pieza liberada en forma exitosa.
11> Fin.
