Bienvenido al programa principal de ArteProg. Por favor ingrese su comando:
1> Fecha creada en forma exitosa.
2> Pieza creada en forma exitosa.
3> ID: 70
4> Pieza: 70
piezaprivada1-Charles Nilson
Creada en: 1/1/2021
5> Pieza liberada en forma exitosa.
6> Fin.
