Bienvenido al programa principal de ArteProg. Por favor ingrese su comando:
1> El grupoABB ha sido creado de forma exitosa.
2> Grupo liberado con exito.
3> El grupoABB ha sido creado de forma exitosa.
4> Visitante creadox de forma exitosa.
5> Se ha agregado el visitante al grupo de forma exitosa.
6> Visitante creadox de forma exitosa.
7> Se ha agregado el visitante al grupo de forma exitosa.
8> Visitante creadox de forma exitosa.
9> Se ha agregado el visitante al grupo de forma exitosa.
10> Visitante creadox de forma exitosa.
11> Se ha agregado el visitante al grupo de forma exitosa.
12> Visitante creadox de forma exitosa.
13> Se ha agregado el visitante al grupo de forma exitosa.
14> Visitante creadox de forma exitosa.
15> Se ha agregado el visitante al grupo de forma exitosa.
16> Visitante creadox de forma exitosa.
17> Se ha agregado el visitante al grupo de forma exitosa.
18> Visitante creadox de forma exitosa.
19> Se ha agregado el visitante al grupo de forma exitosa.
20> Visitante creadox de forma exitosa.
21> Se ha agregado el visitante al grupo de forma exitosa.
22> Visitante creadox de forma exitosa.
23> Se ha agregado el visitante al grupo de forma exitosa.
24> Visitante creadox de forma exitosa.
25> Se ha agregado el visitante al grupo de forma exitosa.
26> Visitante creadox de forma exitosa.
27> Se ha agregado el visitante al grupo de forma exitosa.
28> La altura del grupo es 7.
29> El visitante con id 60 pertenece al grupo.
30> El visitante con id 310 pertenece al grupo.
31> El visitante con id 20 NO pertenece al grupo.
32> El visitante con id 180 NO pertenece al grupo.
33> El mayor id en el grupo es 400.
34> La edad promedio del grupo es 26.25.
35> El visitante con id 300 se removio del grupo.
36> El visitante con id 80 se removio del grupo.
37> El visitante con id 310 se removio del grupo.
38> El visitante con id 240 se removio del grupo.
39> La altura del grupo es 4.
40> El visitante con id 60 pertenece al grupo.
41> El visitante con id 310 NO pertenece al grupo.
42> El mayor id en el grupo es 400.
43> La edad promedio del grupo es 28.25.
44> Grupo liberado con exito.
45> Fin.
