Bienvenido al programa principal de ArteProg. Por favor ingrese su comando:
1> Visitante creadox de forma exitosa.
2> Visitante Valquiria Sanchez
Id: 31
Edad: 12
3> La edad del visitante es: 12
4> La id del visitante es: 31
5> Visitante liberado con exito.
6> Fin.
