Bienvenido al programa principal de ArteProg. Por favor ingrese su comando:
1> Visitante creadox de forma exitosa.
2> Visitante copiado. Datos de la copia:
Visitante Casimira Gomez
Id: 31
Edad: 29
3> Visitante liberado con exito.
4> Fin.
