Bienvenido al programa principal de ArteProg. Por favor ingrese su comando:
1> Visitante creadox de forma exitosa.
2> Visitante Casimira Gonzalez
Id: 19
Edad: 27
3> Visitante liberado con exito.
4> Visitante creadox de forma exitosa.
5> Visitante Esmeralda Rodriguez
Id: 31
Edad: 30
6> Visitante liberado con exito.
7> Fin.
