1>2>Persona creada de forma exitosa.
3>Persona creada de forma exitosa.
Persona1 tiene mayor edad que Persona2
4>5>Fin.
