1>2>Persona creada de forma exitosa.
3>El nombre de la persona es: John
El apellido de la persona es: Doe
4>5>Fin.
