Bienvenido al programa principal de ArteProg. Por favor ingrese su comando:
1> Exposicion creada con exito.
2> Las piezas de la exposicion son las siguientes:

3> Piezas agregadas a la exposicion de forma exitosa.
4> Las piezas de la exposicion son las siguientes:
0 1 2 3 4 5 6 7 
5> Piezas agregadas a la exposicion de forma exitosa.
6> Las piezas de la exposicion son las siguientes:
0 1 2 3 4 5 6 7 8 9 10 11 
7> Las exposiciones NO son compatibles.
8> Las exposiciones son compatibles.
9> Las exposiciones NO son compatibles.
10> Las exposiciones son compatibles.
11> Las exposiciones NO son compatibles.
12> Las exposiciones son compatibles.
13> Las exposiciones NO son compatibles.
14> Las exposiciones son compatibles.
15> Las exposiciones son compatibles.
16> Las exposiciones son compatibles.
17> Las exposiciones son compatibles.
18> Las exposiciones son compatibles.
19> Exposicion liberada con exito.
20> Fin.
