Bienvenido al programa principal de ArteProg. Por favor ingrese su comando:
1> Comienzo de test de tiempo para Visita Dia.
Fin de test de tiempo para Visita Dia.
2> Fin.
