Bienvenido al programa principal de ArteProg. Por favor ingrese su comando:
1> El conjunto piezas fue creado en forma correcta.
2> Conjunto de piezas:

3> Conjunto de piezas liberado exitosamente.
4> El conjunto piezas fue creado en forma correcta.
5> Se ejecuto 'insertarTConjuntoPiezas' con pieza de id 1 exitosamente.
6> Se ejecuto 'insertarTConjuntoPiezas' con pieza de id 2 exitosamente.
7> Se ejecuto 'insertarTConjuntoPiezas' con pieza de id 1 exitosamente.
8> Conjunto de piezas:
1 
9> Conjunto de piezas liberado exitosamente.
10> Fin.
