Bienvenido al programa principal de ArteProg. Por favor ingrese su comando:
1> Exposicion creada con exito.
2> Exposicion #1 del 1/1/2001 al 1/6/2001
Piezas: 
3> Exposicion liberada con exito.
4> Exposicion creada con exito.
5> Piezas agregadas a la exposicion de forma exitosa.
6> Exposicion #1 del 1/1/2002 al 1/6/2002
Piezas: 0 1 2 3 4 
7> Piezas agregadas a la exposicion de forma exitosa.
8> Exposicion #1 del 1/1/2002 al 1/6/2002
Piezas: 0 1 2 3 4 5 6 7 8 9 
9> Piezas agregadas a la exposicion de forma exitosa.
10> Exposicion #1 del 1/1/2002 al 1/6/2002
Piezas: 0 1 2 3 4 5 6 7 8 9 
11> Exposicion liberada con exito.
12> Fin.
