Bienvenido al programa principal de ArteProg. Por favor ingrese su comando:
1> Exposicion creada con exito.
2> Piezas agregadas a la exposicion de forma exitosa.
3> Exposicion #1 del 1/1/2002 al 1/6/2002
Piezas: 0 1 2 3 4 
4> Las exposiciones NO son compatibles.
5> Las exposiciones son compatibles.
6> Exposicion liberada con exito.
7> Fin.
