Bienvenido al programa principal de ArteProg. Por favor ingrese su comando:
1> Galeria creada con exito.
2> Fecha creada en forma exitosa.
3> Pieza creada en forma exitosa.
4> La pieza fue agregada a la galeria con exito.
5> Fecha creada en forma exitosa.
6> Pieza creada en forma exitosa.
7> La pieza fue agregada a la galeria con exito.
8> Fecha creada en forma exitosa.
9> Pieza creada en forma exitosa.
10> La pieza fue agregada a la galeria con exito.
11> Fecha creada en forma exitosa.
12> Pieza creada en forma exitosa.
13> La pieza fue agregada a la galeria con exito.
14> Galeria liberada con exito.
15> Fin.
