Bienvenido al programa principal de ArteProg. Por favor ingrese su comando:
1> La visita dia se ha creado de forma exitosa.
2> Visita para dia: 1/1/2001
3> La visita dia se ha liberado exitosamente.
4> La visita dia se ha creado de forma exitosa.
5> El grupoABB ha sido creado de forma exitosa.
6> Visitante creadox de forma exitosa.
7> Se ha agregado el visitante al grupo de forma exitosa.
8> Se ha agregado el grupo a la visita dia de forma exitosa.
9> Visita para dia: 2/2/2002
Visitante Nombre1 Apellido1
Id: 1
Edad: 20
10> El grupoABB ha sido creado de forma exitosa.
11> Visitante creadox de forma exitosa.
12> Se ha agregado el visitante al grupo de forma exitosa.
13> Se ha agregado el grupo a la visita dia de forma exitosa.
14> Visita para dia: 2/2/2002
Visitante Nombre2 Apellido2
Id: 2
Edad: 20
Visitante Nombre1 Apellido1
Id: 1
Edad: 20
15> La visita dia se ha liberado exitosamente.
16> Fin.
